                    domain  model_family   model_label                      feature_set                             feature_label    n  events  prevalence  pooled_ap  pooled_ap_lift  macro_within_year_ap_lift  estimable_years    brier  log_loss  macro_ci_low  macro_ci_high
         full_oisst_domain      logistic      Logistic                     current_only                                   Current 2614    1008    0.385616   0.564994        0.179378                   0.176534               20 0.216838  0.629909      0.141295       0.213846
         full_oisst_domain      logistic      Logistic          current_plus_trajectory                      Current + trajectory 2614    1008    0.385616   0.570662        0.185046                   0.200424               20 0.214316  0.624312      0.162099       0.241481
         full_oisst_domain      logistic      Logistic            trajectory_plus_oisst              Current + trajectory + OISST 2614    1008    0.385616   0.543822        0.158206                   0.177920               20 0.221705  0.643157      0.145531       0.210910
         full_oisst_domain random_forest Random forest                     current_only                                   Current 2614    1008    0.385616   0.549247        0.163631                   0.163876               20 0.218608  0.629491      0.133984       0.194215
         full_oisst_domain random_forest Random forest          current_plus_trajectory                      Current + trajectory 2614    1008    0.385616   0.562647        0.177031                   0.187461               20 0.214233  0.618490      0.151330       0.222660
         full_oisst_domain random_forest Random forest            trajectory_plus_oisst              Current + trajectory + OISST 2614    1008    0.385616   0.541571        0.155955                   0.193436               20 0.216296  0.623123      0.153536       0.234209
         full_oisst_domain       xgboost       XGBoost                     current_only                                   Current 2614    1008    0.385616   0.546765        0.161149                   0.161968               20 0.219471  0.630678      0.127832       0.195893
         full_oisst_domain       xgboost       XGBoost          current_plus_trajectory                      Current + trajectory 2614    1008    0.385616   0.546561        0.160945                   0.167628               20 0.218937  0.628950      0.136548       0.199387
         full_oisst_domain       xgboost       XGBoost            trajectory_plus_oisst              Current + trajectory + OISST 2614    1008    0.385616   0.527733        0.142117                   0.175709               20 0.228218  0.655310      0.139566       0.212805
upwelling_supported_domain      logistic      Logistic                     current_only                                   Current 1698     661    0.389282   0.554726        0.165444                   0.159375               20 0.219654  0.633923      0.110692       0.208347
upwelling_supported_domain      logistic      Logistic          current_plus_trajectory                      Current + trajectory 1698     661    0.389282   0.547514        0.158232                   0.170800               20 0.220449  0.636132      0.117178       0.228066
upwelling_supported_domain      logistic      Logistic            trajectory_plus_oisst              Current + trajectory + OISST 1698     661    0.389282   0.520323        0.131041                   0.162121               20 0.229746  0.658950      0.118507       0.212939
upwelling_supported_domain      logistic      Logistic trajectory_plus_oisst_cuti_beuti Current + trajectory + OISST + CUTI/BEUTI 1698     661    0.389282   0.508248        0.118967                   0.159035               20 0.235885  0.678658      0.105931       0.216742
upwelling_supported_domain random_forest Random forest                     current_only                                   Current 1698     661    0.389282   0.536317        0.147036                   0.142581               20 0.222898  0.637668      0.104193       0.182845
upwelling_supported_domain random_forest Random forest          current_plus_trajectory                      Current + trajectory 1698     661    0.389282   0.548918        0.159636                   0.176526               20 0.218623  0.627119      0.112223       0.247333
upwelling_supported_domain random_forest Random forest            trajectory_plus_oisst              Current + trajectory + OISST 1698     661    0.389282   0.522313        0.133032                   0.176141               20 0.221134  0.632625      0.113286       0.250737
upwelling_supported_domain random_forest Random forest trajectory_plus_oisst_cuti_beuti Current + trajectory + OISST + CUTI/BEUTI 1698     661    0.389282   0.490828        0.101547                   0.172295               20 0.225828  0.641835      0.096040       0.250896
upwelling_supported_domain       xgboost       XGBoost                     current_only                                   Current 1698     661    0.389282   0.533822        0.144540                   0.139475               20 0.222422  0.636381      0.100948       0.183428
upwelling_supported_domain       xgboost       XGBoost          current_plus_trajectory                      Current + trajectory 1698     661    0.389282   0.522565        0.133283                   0.147809               20 0.225120  0.641914      0.093546       0.208196
upwelling_supported_domain       xgboost       XGBoost            trajectory_plus_oisst              Current + trajectory + OISST 1698     661    0.389282   0.504209        0.114927                   0.149747               20 0.236460  0.677171      0.090355       0.224152
upwelling_supported_domain       xgboost       XGBoost trajectory_plus_oisst_cuti_beuti Current + trajectory + OISST + CUTI/BEUTI 1698     661    0.389282   0.463024        0.073743                   0.153429               20 0.249240  0.703866      0.082392       0.235712

INCREMENTS
                     domain  model_family   model_label               comparison                 left_feature_set       right_feature_set  estimate    ci_low  ci_high  estimable_years
         full_oisst_domain      logistic      Logistic trajectory_minus_current          current_plus_trajectory            current_only  0.023890  0.004538 0.044240               20
         full_oisst_domain      logistic      Logistic   oisst_minus_trajectory            trajectory_plus_oisst current_plus_trajectory -0.022505 -0.054326 0.004806               20
         full_oisst_domain random_forest Random forest trajectory_minus_current          current_plus_trajectory            current_only  0.023586  0.009467 0.037837               20
         full_oisst_domain random_forest Random forest   oisst_minus_trajectory            trajectory_plus_oisst current_plus_trajectory  0.005975 -0.020168 0.030064               20
         full_oisst_domain       xgboost       XGBoost trajectory_minus_current          current_plus_trajectory            current_only  0.005660 -0.006866 0.018674               20
         full_oisst_domain       xgboost       XGBoost   oisst_minus_trajectory            trajectory_plus_oisst current_plus_trajectory  0.008081 -0.024971 0.041888               20
upwelling_supported_domain      logistic      Logistic trajectory_minus_current          current_plus_trajectory            current_only  0.011425 -0.010929 0.033184               20
upwelling_supported_domain      logistic      Logistic   oisst_minus_trajectory            trajectory_plus_oisst current_plus_trajectory -0.008679 -0.027410 0.009072               20
upwelling_supported_domain      logistic      Logistic   cuti_beuti_minus_oisst trajectory_plus_oisst_cuti_beuti   trajectory_plus_oisst -0.003085 -0.027990 0.026451               20
upwelling_supported_domain random_forest Random forest trajectory_minus_current          current_plus_trajectory            current_only  0.033944 -0.002106 0.077978               20
upwelling_supported_domain random_forest Random forest   oisst_minus_trajectory            trajectory_plus_oisst current_plus_trajectory -0.000385 -0.021779 0.021639               20
upwelling_supported_domain random_forest Random forest   cuti_beuti_minus_oisst trajectory_plus_oisst_cuti_beuti   trajectory_plus_oisst -0.003846 -0.041849 0.028431               20
upwelling_supported_domain       xgboost       XGBoost trajectory_minus_current          current_plus_trajectory            current_only  0.008334 -0.016837 0.035983               20
upwelling_supported_domain       xgboost       XGBoost   oisst_minus_trajectory            trajectory_plus_oisst current_plus_trajectory  0.001938 -0.033833 0.035166               20
upwelling_supported_domain       xgboost       XGBoost   cuti_beuti_minus_oisst trajectory_plus_oisst_cuti_beuti   trajectory_plus_oisst  0.003682 -0.040744 0.051447               20

PROTOCOL
                     domain                      feature_set                             feature_label  random_repeats  random_pooled_mean  random_pooled_p025  random_pooled_p975  expanding_pooled  random_minus_expanding_pooled  random_macro_within_year_mean  random_macro_within_year_p025  random_macro_within_year_p975  expanding_macro_within_year  random_minus_expanding_macro_within_year
         full_oisst_domain                     current_only                                   Current              20            0.186960            0.185705            0.187775          0.179378                       0.007582                       0.176074                       0.174437                       0.177320                     0.176534                                 -0.000460
         full_oisst_domain          current_plus_trajectory                      Current + trajectory              20            0.199924            0.198070            0.201468          0.185046                       0.014878                       0.205257                       0.203172                       0.207006                     0.200424                                  0.004833
         full_oisst_domain            trajectory_plus_oisst              Current + trajectory + OISST              20            0.195037            0.192767            0.196908          0.158206                       0.036831                       0.191124                       0.188013                       0.194143                     0.177920                                  0.013204
upwelling_supported_domain                     current_only                                   Current              20            0.176251            0.174307            0.177496          0.165444                       0.010807                       0.159371                       0.156379                       0.160846                     0.159375                                 -0.000004
upwelling_supported_domain          current_plus_trajectory                      Current + trajectory              20            0.182319            0.180138            0.184248          0.158232                       0.024087                       0.188771                       0.184014                       0.197929                     0.170800                                  0.017971
upwelling_supported_domain            trajectory_plus_oisst              Current + trajectory + OISST              20            0.180156            0.174978            0.183982          0.131041                       0.049115                       0.185061                       0.180793                       0.189650                     0.162121                                  0.022940
upwelling_supported_domain trajectory_plus_oisst_cuti_beuti Current + trajectory + OISST + CUTI/BEUTI              20            0.191130            0.186324            0.194616          0.118967                       0.072163                       0.176169                       0.169459                       0.181396                     0.159035                                  0.017134

DECISION
 {
  "classification": "pilot-informed reviewer robustness; not independent confirmation",
  "protocol_current_only": {
    "random_pooled_lift_mean": 0.18695977934506836,
    "random_macro_within_year_lift_mean": 0.1760740740900586,
    "expanding_pooled_lift": 0.17937802902090394,
    "expanding_macro_within_year_lift": 0.17653421471286107
  },
  "primary_logistic_current_macro_lift": 0.17653421471286107,
  "model_family_increment_conclusions": {
    "logistic": {
      "trajectory_minus_current": {
        "estimate": 0.02388986072107395,
        "ci": [
          0.004538458038294088,
          0.04423970306967227
        ],
        "supported_positive": true
      },
      "oisst_minus_trajectory": {
        "estimate": -0.02250451467877666,
        "ci": [
          -0.054325660006696565,
          0.004806206842145052
        ],
        "supported_positive": false
      },
      "cuti_beuti_minus_oisst": {
        "estimate": -0.0030854511363421406,
        "ci": [
          -0.027990083599056647,
          0.026451251821172514
        ],
        "supported_positive": false
      }
    },
    "random_forest": {
      "trajectory_minus_current": {
        "estimate": 0.023585560471198773,
        "ci": [
          0.00946717880256851,
          0.037836920126950835
        ],
        "supported_positive": true
      },
      "oisst_minus_trajectory": {
        "estimate": 0.005975008356161926,
        "ci": [
          -0.020167716623030286,
          0.030064379156224737
        ],
        "supported_positive": false
      },
      "cuti_beuti_minus_oisst": {
        "estimate": -0.0038461029149154252,
        "ci": [
          -0.04184859276140063,
          0.028431144685754948
        ],
        "supported_positive": false
      }
    },
    "xgboost": {
      "trajectory_minus_current": {
        "estimate": 0.005659859909854167,
        "ci": [
          -0.006865778993143965,
          0.018673736138443395
        ],
        "supported_positive": false
      },
      "oisst_minus_trajectory": {
        "estimate": 0.00808120289693417,
        "ci": [
          -0.024971038907057406,
          0.041888460098544314
        ],
        "supported_positive": false
      },
      "cuti_beuti_minus_oisst": {
        "estimate": 0.003681677613621222,
        "ci": [
          -0.04074423763109405,
          0.05144738346176708
        ],
        "supported_positive": false
      }
    }
  },
  "budget_current_only": {
    "top_5pct": {
      "recall": 0.08531746031746032,
      "ci": [
        0.07291666666666667,
        0.10231033152036276
      ]
    },
    "top_10pct": {
      "recall": 0.1765873015873016,
      "ci": [
        0.153916116532721,
        0.20701776398335864
      ]
    },
    "top_20pct": {
      "recall": 0.32043650793650796,
      "ci": [
        0.2871008375867033,
        0.36491303690260135
      ]
    },
    "top_30pct": {
      "recall": 0.43154761904761907,
      "ci": [
        0.40163807821972713,
        0.47172106813774856
      ]
    }
  },
  "sensitivity_current_macro_lift_range": [
    0.15256368882598714,
    0.19125665179183754
  ],
  "sensitivity_oisst_increment_positive_combinations": 0,
  "sensitivity_oisst_increment_combinations": 9
}
